=== RUN   TestOrderHandler_CreateOrderHandler
=== RUN   TestOrderHandler_CreateOrderHandler/Success
=== RUN   TestOrderHandler_CreateOrderHandler/InvalidBody
=== RUN   TestOrderHandler_CreateOrderHandler/ValidationError
=== RUN   TestOrderHandler_CreateOrderHandler/ServiceError
--- PASS: TestOrderHandler_CreateOrderHandler (0.00s)
    --- PASS: TestOrderHandler_CreateOrderHandler/Success (0.00s)
    --- PASS: TestOrderHandler_CreateOrderHandler/InvalidBody (0.00s)
    --- PASS: TestOrderHandler_CreateOrderHandler/ValidationError (0.00s)
    --- PASS: TestOrderHandler_CreateOrderHandler/ServiceError (0.00s)
=== RUN   TestOrderHandler_GetOrderHandler
=== RUN   TestOrderHandler_GetOrderHandler/Success
=== RUN   TestOrderHandler_GetOrderHandler/InvalidID
=== RUN   TestOrderHandler_GetOrderHandler/NotFound
=== RUN   TestOrderHandler_GetOrderHandler/InternalError
--- PASS: TestOrderHandler_GetOrderHandler (0.00s)
    --- PASS: TestOrderHandler_GetOrderHandler/Success (0.00s)
    --- PASS: TestOrderHandler_GetOrderHandler/InvalidID (0.00s)
    --- PASS: TestOrderHandler_GetOrderHandler/NotFound (0.00s)
    --- PASS: TestOrderHandler_GetOrderHandler/InternalError (0.00s)
=== RUN   TestOrderHandler_InitiateMidtransPaymentHandler
=== RUN   TestOrderHandler_InitiateMidtransPaymentHandler/Success
=== RUN   TestOrderHandler_InitiateMidtransPaymentHandler/InvalidID
=== RUN   TestOrderHandler_InitiateMidtransPaymentHandler/NotFound
=== RUN   TestOrderHandler_InitiateMidtransPaymentHandler/ServiceError
--- PASS: TestOrderHandler_InitiateMidtransPaymentHandler (0.00s)
    --- PASS: TestOrderHandler_InitiateMidtransPaymentHandler/Success (0.00s)
    --- PASS: TestOrderHandler_InitiateMidtransPaymentHandler/InvalidID (0.00s)
    --- PASS: TestOrderHandler_InitiateMidtransPaymentHandler/NotFound (0.00s)
    --- PASS: TestOrderHandler_InitiateMidtransPaymentHandler/ServiceError (0.00s)
=== RUN   TestOrderHandler_MidtransNotificationHandler
=== RUN   TestOrderHandler_MidtransNotificationHandler/Success
=== RUN   TestOrderHandler_MidtransNotificationHandler/InvalidBody
=== RUN   TestOrderHandler_MidtransNotificationHandler/ServiceError
--- PASS: TestOrderHandler_MidtransNotificationHandler (0.00s)
    --- PASS: TestOrderHandler_MidtransNotificationHandler/Success (0.00s)
    --- PASS: TestOrderHandler_MidtransNotificationHandler/InvalidBody (0.00s)
    --- PASS: TestOrderHandler_MidtransNotificationHandler/ServiceError (0.00s)
=== RUN   TestOrderHandler_ListOrdersHandler
=== RUN   TestOrderHandler_ListOrdersHandler/SuccessAdmin
=== RUN   TestOrderHandler_ListOrdersHandler/SuccessCashier
=== RUN   TestOrderHandler_ListOrdersHandler/RoleAsString
=== RUN   TestOrderHandler_ListOrdersHandler/NoRole
=== RUN   TestOrderHandler_ListOrdersHandler/NoUserID
=== RUN   TestOrderHandler_ListOrdersHandler/ServiceError
--- PASS: TestOrderHandler_ListOrdersHandler (0.00s)
    --- PASS: TestOrderHandler_ListOrdersHandler/SuccessAdmin (0.00s)
    --- PASS: TestOrderHandler_ListOrdersHandler/SuccessCashier (0.00s)
    --- PASS: TestOrderHandler_ListOrdersHandler/RoleAsString (0.00s)
    --- PASS: TestOrderHandler_ListOrdersHandler/NoRole (0.00s)
    --- PASS: TestOrderHandler_ListOrdersHandler/NoUserID (0.00s)
    --- PASS: TestOrderHandler_ListOrdersHandler/ServiceError (0.00s)
=== RUN   TestOrderHandler_CancelOrderHandler
=== RUN   TestOrderHandler_CancelOrderHandler/Success
=== RUN   TestOrderHandler_CancelOrderHandler/InvalidID
=== RUN   TestOrderHandler_CancelOrderHandler/InvalidBody
=== RUN   TestOrderHandler_CancelOrderHandler/ValidationError
=== RUN   TestOrderHandler_CancelOrderHandler/NotFound
=== RUN   TestOrderHandler_CancelOrderHandler/NotCancellable
=== RUN   TestOrderHandler_CancelOrderHandler/InternalError
--- PASS: TestOrderHandler_CancelOrderHandler (0.00s)
    --- PASS: TestOrderHandler_CancelOrderHandler/Success (0.00s)
    --- PASS: TestOrderHandler_CancelOrderHandler/InvalidID (0.00s)
    --- PASS: TestOrderHandler_CancelOrderHandler/InvalidBody (0.00s)
    --- PASS: TestOrderHandler_CancelOrderHandler/ValidationError (0.00s)
    --- PASS: TestOrderHandler_CancelOrderHandler/NotFound (0.00s)
    --- PASS: TestOrderHandler_CancelOrderHandler/NotCancellable (0.00s)
    --- PASS: TestOrderHandler_CancelOrderHandler/InternalError (0.00s)
=== RUN   TestOrderHandler_UpdateOrderItemsHandler
=== RUN   TestOrderHandler_UpdateOrderItemsHandler/Success
=== RUN   TestOrderHandler_UpdateOrderItemsHandler/InvalidID
=== RUN   TestOrderHandler_UpdateOrderItemsHandler/InvalidBody
=== RUN   TestOrderHandler_UpdateOrderItemsHandler/ServiceError
--- PASS: TestOrderHandler_UpdateOrderItemsHandler (0.00s)
    --- PASS: TestOrderHandler_UpdateOrderItemsHandler/Success (0.00s)
    --- PASS: TestOrderHandler_UpdateOrderItemsHandler/InvalidID (0.00s)
    --- PASS: TestOrderHandler_UpdateOrderItemsHandler/InvalidBody (0.00s)
    --- PASS: TestOrderHandler_UpdateOrderItemsHandler/ServiceError (0.00s)
=== RUN   TestOrderHandler_ConfirmManualPaymentHandler
=== RUN   TestOrderHandler_ConfirmManualPaymentHandler/Success
=== RUN   TestOrderHandler_ConfirmManualPaymentHandler/InvalidID
=== RUN   TestOrderHandler_ConfirmManualPaymentHandler/InvalidBody
=== RUN   TestOrderHandler_ConfirmManualPaymentHandler/ValidationError
=== RUN   TestOrderHandler_ConfirmManualPaymentHandler/NotFound
=== RUN   TestOrderHandler_ConfirmManualPaymentHandler/OrderNotModifiable
=== RUN   TestOrderHandler_ConfirmManualPaymentHandler/InternalError
--- PASS: TestOrderHandler_ConfirmManualPaymentHandler (0.00s)
    --- PASS: TestOrderHandler_ConfirmManualPaymentHandler/Success (0.00s)
    --- PASS: TestOrderHandler_ConfirmManualPaymentHandler/InvalidID (0.00s)
    --- PASS: TestOrderHandler_ConfirmManualPaymentHandler/InvalidBody (0.00s)
    --- PASS: TestOrderHandler_ConfirmManualPaymentHandler/ValidationError (0.00s)
    --- PASS: TestOrderHandler_ConfirmManualPaymentHandler/NotFound (0.00s)
    --- PASS: TestOrderHandler_ConfirmManualPaymentHandler/OrderNotModifiable (0.00s)
    --- PASS: TestOrderHandler_ConfirmManualPaymentHandler/InternalError (0.00s)
=== RUN   TestOrderHandler_UpdateOperationalStatusHandler
=== RUN   TestOrderHandler_UpdateOperationalStatusHandler/Success
=== RUN   TestOrderHandler_UpdateOperationalStatusHandler/InvalidID
=== RUN   TestOrderHandler_UpdateOperationalStatusHandler/InvalidBody
=== RUN   TestOrderHandler_UpdateOperationalStatusHandler/ValidationError
=== RUN   TestOrderHandler_UpdateOperationalStatusHandler/NotFound
=== RUN   TestOrderHandler_UpdateOperationalStatusHandler/InvalidTransition
=== RUN   TestOrderHandler_UpdateOperationalStatusHandler/InternalError
--- PASS: TestOrderHandler_UpdateOperationalStatusHandler (0.00s)
    --- PASS: TestOrderHandler_UpdateOperationalStatusHandler/Success (0.00s)
    --- PASS: TestOrderHandler_UpdateOperationalStatusHandler/InvalidID (0.00s)
    --- PASS: TestOrderHandler_UpdateOperationalStatusHandler/InvalidBody (0.00s)
    --- PASS: TestOrderHandler_UpdateOperationalStatusHandler/ValidationError (0.00s)
    --- PASS: TestOrderHandler_UpdateOperationalStatusHandler/NotFound (0.00s)
    --- PASS: TestOrderHandler_UpdateOperationalStatusHandler/InvalidTransition (0.00s)
    --- PASS: TestOrderHandler_UpdateOperationalStatusHandler/InternalError (0.00s)
=== RUN   TestOrderHandler_ApplyPromotionHandler
=== RUN   TestOrderHandler_ApplyPromotionHandler/Success
=== RUN   TestOrderHandler_ApplyPromotionHandler/InvalidID
=== RUN   TestOrderHandler_ApplyPromotionHandler/InvalidBody
=== RUN   TestOrderHandler_ApplyPromotionHandler/ValidationError
=== RUN   TestOrderHandler_ApplyPromotionHandler/NotFound
=== RUN   TestOrderHandler_ApplyPromotionHandler/PromotionNotApplicable
=== RUN   TestOrderHandler_ApplyPromotionHandler/InternalError
--- PASS: TestOrderHandler_ApplyPromotionHandler (0.00s)
    --- PASS: TestOrderHandler_ApplyPromotionHandler/Success (0.00s)
    --- PASS: TestOrderHandler_ApplyPromotionHandler/InvalidID (0.00s)
    --- PASS: TestOrderHandler_ApplyPromotionHandler/InvalidBody (0.00s)
    --- PASS: TestOrderHandler_ApplyPromotionHandler/ValidationError (0.00s)
    --- PASS: TestOrderHandler_ApplyPromotionHandler/NotFound (0.00s)
    --- PASS: TestOrderHandler_ApplyPromotionHandler/PromotionNotApplicable (0.00s)
    --- PASS: TestOrderHandler_ApplyPromotionHandler/InternalError (0.00s)
=== RUN   TestOrderService_GetOrder
=== RUN   TestOrderService_GetOrder/Success
=== RUN   TestOrderService_GetOrder/NotFound
=== RUN   TestOrderService_GetOrder/InternalError
--- PASS: TestOrderService_GetOrder (0.00s)
    --- PASS: TestOrderService_GetOrder/Success (0.00s)
    --- PASS: TestOrderService_GetOrder/NotFound (0.00s)
    --- PASS: TestOrderService_GetOrder/InternalError (0.00s)
=== RUN   TestOrderService_CreateOrder
=== RUN   TestOrderService_CreateOrder/Success
=== RUN   TestOrderService_CreateOrder/TransactionError
--- PASS: TestOrderService_CreateOrder (0.00s)
    --- PASS: TestOrderService_CreateOrder/Success (0.00s)
    --- PASS: TestOrderService_CreateOrder/TransactionError (0.00s)
=== RUN   TestOrderService_InitiateMidtransPayment
=== RUN   TestOrderService_InitiateMidtransPayment/Success
=== RUN   TestOrderService_InitiateMidtransPayment/AlreadyHasPaymentReference
=== RUN   TestOrderService_InitiateMidtransPayment/GetOrderError
=== RUN   TestOrderService_InitiateMidtransPayment/CreateQRISChargeError
=== RUN   TestOrderService_InitiateMidtransPayment/UpdatePaymentInfoError
--- PASS: TestOrderService_InitiateMidtransPayment (0.00s)
    --- PASS: TestOrderService_InitiateMidtransPayment/Success (0.00s)
    --- PASS: TestOrderService_InitiateMidtransPayment/AlreadyHasPaymentReference (0.00s)
    --- PASS: TestOrderService_InitiateMidtransPayment/GetOrderError (0.00s)
    --- PASS: TestOrderService_InitiateMidtransPayment/CreateQRISChargeError (0.00s)
    --- PASS: TestOrderService_InitiateMidtransPayment/UpdatePaymentInfoError (0.00s)
=== RUN   TestOrderService_HandleMidtransNotification
=== RUN   TestOrderService_HandleMidtransNotification/SettlementSuccess
=== RUN   TestOrderService_HandleMidtransNotification/CaptureSuccess
=== RUN   TestOrderService_HandleMidtransNotification/CancelExpire
=== RUN   TestOrderService_HandleMidtransNotification/SignatureVerificationFailed
=== RUN   TestOrderService_HandleMidtransNotification/InvalidOrderID
=== RUN   TestOrderService_HandleMidtransNotification/OrderNotFound
=== RUN   TestOrderService_HandleMidtransNotification/AlreadyFinalizedOrder
=== RUN   TestOrderService_HandleMidtransNotification/UnknownStatusIgnored
=== RUN   TestOrderService_HandleMidtransNotification/UpdateStatusError
--- PASS: TestOrderService_HandleMidtransNotification (0.00s)
    --- PASS: TestOrderService_HandleMidtransNotification/SettlementSuccess (0.00s)
    --- PASS: TestOrderService_HandleMidtransNotification/CaptureSuccess (0.00s)
    --- PASS: TestOrderService_HandleMidtransNotification/CancelExpire (0.00s)
    --- PASS: TestOrderService_HandleMidtransNotification/SignatureVerificationFailed (0.00s)
    --- PASS: TestOrderService_HandleMidtransNotification/InvalidOrderID (0.00s)
    --- PASS: TestOrderService_HandleMidtransNotification/OrderNotFound (0.00s)
    --- PASS: TestOrderService_HandleMidtransNotification/AlreadyFinalizedOrder (0.00s)
    --- PASS: TestOrderService_HandleMidtransNotification/UnknownStatusIgnored (0.00s)
    --- PASS: TestOrderService_HandleMidtransNotification/UpdateStatusError (0.00s)
=== RUN   TestOrderService_ListOrders
=== RUN   TestOrderService_ListOrders/Success
=== RUN   TestOrderService_ListOrders/EmptyList
=== RUN   TestOrderService_ListOrders/ListError
=== RUN   TestOrderService_ListOrders/CountError
--- PASS: TestOrderService_ListOrders (0.00s)
    --- PASS: TestOrderService_ListOrders/Success (0.00s)
    --- PASS: TestOrderService_ListOrders/EmptyList (0.00s)
    --- PASS: TestOrderService_ListOrders/ListError (0.00s)
    --- PASS: TestOrderService_ListOrders/CountError (0.00s)
=== RUN   TestOrderService_CancelOrder
=== RUN   TestOrderService_CancelOrder/Success
=== RUN   TestOrderService_CancelOrder/TransactionError
=== RUN   TestOrderService_CancelOrder/OrderNotFound
=== RUN   TestOrderService_CancelOrder/OrderNotCancellable
--- PASS: TestOrderService_CancelOrder (0.00s)
    --- PASS: TestOrderService_CancelOrder/Success (0.00s)
    --- PASS: TestOrderService_CancelOrder/TransactionError (0.00s)
    --- PASS: TestOrderService_CancelOrder/OrderNotFound (0.00s)
    --- PASS: TestOrderService_CancelOrder/OrderNotCancellable (0.00s)
=== RUN   TestOrderService_UpdateOrderItems
=== RUN   TestOrderService_UpdateOrderItems/Success
=== RUN   TestOrderService_UpdateOrderItems/TransactionError
=== RUN   TestOrderService_UpdateOrderItems/OrderNotFound
=== RUN   TestOrderService_UpdateOrderItems/OrderNotModifiable
--- PASS: TestOrderService_UpdateOrderItems (0.00s)
    --- PASS: TestOrderService_UpdateOrderItems/Success (0.00s)
    --- PASS: TestOrderService_UpdateOrderItems/TransactionError (0.00s)
    --- PASS: TestOrderService_UpdateOrderItems/OrderNotFound (0.00s)
    --- PASS: TestOrderService_UpdateOrderItems/OrderNotModifiable (0.00s)
=== RUN   TestOrderService_ConfirmManualPayment
=== RUN   TestOrderService_ConfirmManualPayment/Success
=== RUN   TestOrderService_ConfirmManualPayment/TransactionError
=== RUN   TestOrderService_ConfirmManualPayment/OrderNotFound
=== RUN   TestOrderService_ConfirmManualPayment/OrderNotModifiable
--- PASS: TestOrderService_ConfirmManualPayment (0.00s)
    --- PASS: TestOrderService_ConfirmManualPayment/Success (0.00s)
    --- PASS: TestOrderService_ConfirmManualPayment/TransactionError (0.00s)
    --- PASS: TestOrderService_ConfirmManualPayment/OrderNotFound (0.00s)
    --- PASS: TestOrderService_ConfirmManualPayment/OrderNotModifiable (0.00s)
=== RUN   TestOrderService_UpdateOperationalStatus
=== RUN   TestOrderService_UpdateOperationalStatus/Success
=== RUN   TestOrderService_UpdateOperationalStatus/OrderNotFound
=== RUN   TestOrderService_UpdateOperationalStatus/InvalidTransition
=== RUN   TestOrderService_UpdateOperationalStatus/UpdateError
--- PASS: TestOrderService_UpdateOperationalStatus (0.00s)
    --- PASS: TestOrderService_UpdateOperationalStatus/Success (0.00s)
    --- PASS: TestOrderService_UpdateOperationalStatus/OrderNotFound (0.00s)
    --- PASS: TestOrderService_UpdateOperationalStatus/InvalidTransition (0.00s)
    --- PASS: TestOrderService_UpdateOperationalStatus/UpdateError (0.00s)
=== RUN   TestOrderService_ApplyPromotion
=== RUN   TestOrderService_ApplyPromotion/Success
=== RUN   TestOrderService_ApplyPromotion/TransactionError
=== RUN   TestOrderService_ApplyPromotion/OrderNotFound
=== RUN   TestOrderService_ApplyPromotion/PromotionNotApplicable
--- PASS: TestOrderService_ApplyPromotion (0.00s)
    --- PASS: TestOrderService_ApplyPromotion/Success (0.00s)
    --- PASS: TestOrderService_ApplyPromotion/TransactionError (0.00s)
    --- PASS: TestOrderService_ApplyPromotion/OrderNotFound (0.00s)
    --- PASS: TestOrderService_ApplyPromotion/PromotionNotApplicable (0.00s)
=== RUN   TestOrderService_RefundOrder
=== RUN   TestOrderService_RefundOrder/Success
    service_test.go:1625: 
        	Error Trace:	/home/agprastyo/Developments/POS-kasir/internal/orders/service_test.go:1625
        	Error:      	Received unexpected error:
        	            	incorrect argument number 11 for columns 9
        	Test:       	TestOrderService_RefundOrder/Success
    service_test.go:1626: 
        	Error Trace:	/home/agprastyo/Developments/POS-kasir/internal/orders/service_test.go:1626
        	Error:      	Received unexpected error:
        	            	there is a remaining expectation which was not matched: ExpectedQuery => expecting call to Query() or to QueryRow():
        	            		- matches sql: 'UPDATE products SET stock'
        	            		- is with arguments:
        	            			0 - {}
        	            			1 - {}
        	            		- returns data:
        	            			row 0 - [3793a3dc-dc3b-4912-ad8c-21f473d2c0b0 10]
        	            	
        	Test:       	TestOrderService_RefundOrder/Success
    controller.go:97: missing call(s) to *mocks.MockIActivityService.Log(is anything, is equal to 0799f9a3-3177-426d-9e20-dea1eb7ad3f4 (uuid.UUID), is anything, is anything, is anything, is anything) /home/agprastyo/Developments/POS-kasir/internal/orders/service_test.go:1620
    controller.go:97: aborting test due to missing call(s)
=== RUN   TestOrderService_RefundOrder/NotPaid
--- FAIL: TestOrderService_RefundOrder (0.00s)
    --- FAIL: TestOrderService_RefundOrder/Success (0.00s)
    --- PASS: TestOrderService_RefundOrder/NotPaid (0.00s)
FAIL
FAIL	POS-kasir/internal/orders	0.020s
?   	POS-kasir/internal/orders/repository	[no test files]
FAIL
